RAM Allocation [bytes]
Variable                                                                          Address   Size
------------------------------------------------------------------------------------------------
counter_limit                                                                     0x0160       4

EEPROM Allocation [bytes]
Variable                                                                          Address   Size
------------------------------------------------------------------------------------------------

Register Allocation
Variable                                                                          Register  Size
------------------------------------------------------------------------------------------------
counter1                                                                          R4,R5        2
counter2                                                                          R6,R7        2
button_pressed                                                                    R9           1
turn_right                                                                        R8           1
T                                                                                 R10,R11      2

FLASH Allocation [words]
Function                                                                          Address   Size
------------------------------------------------------------------------------------------------
timer0_ovf_isr                                                                    0x0005D     92
main                                                                              0x000B9     63
